bigdata@bigdata-VirtualBox:~$ cd a1
bigdata@bigdata-VirtualBox:~/a1$ cat sales.txt
bolts 3 5
screws 10 5
nails 3 2
protein 3 2
washer 3 10
bigdata@bigdata-VirtualBox:~/a1$ hdfs dfs -put sales.txt /user/bigdata
bigdata@bigdata-VirtualBox:~/a1$ cat solution3.py
#!/usr/bin/env python3

import sys

given_value = float(sys.argv[1])
for line in sys.stdin:
    line = line.strip() 
    items = line.split()
    
    item_name, ppu, total_units = items[0], float(items[1]), int(items[2])
    
    total_value = ppu * total_units
    
    if (total_value > given_value): 
        print(f"{item_name}\t{total_value}")
bigdata@bigdata-VirtualBox:~/a1$ chmod u+x solution3.py
bigdata@bigdata-VirtualBox:~/a1$ hadoop jar $HADOOP_HOME/share/hadoop/tools/lib/hadoop-streaming-3.3.6.jar -D mapred.reduce.tasks=0 -input /user/bigdata/sales.txt -output /user/bigdata/output -mapper "./solution3.py 10.0"
v2024-08-13 11:30:22,175 INFO impl.MetricsConfig: Loaded properties from hadoop-metrics2.properties
2024-08-13 11:30:22,404 INFO impl.MetricsSystemImpl: Scheduled Metric snapshot period at 10 second(s).
2024-08-13 11:30:22,404 INFO impl.MetricsSystemImpl: JobTracker metrics system started
2024-08-13 11:30:22,453 WARN impl.MetricsSystemImpl: JobTracker metrics system already initialized!
2024-08-13 11:30:22,962 INFO mapred.FileInputFormat: Total input files to process : 1
2024-08-13 11:30:23,104 INFO mapreduce.JobSubmitter: number of splits:1
2024-08-13 11:30:23,429 INFO mapreduce.JobSubmitter: Submitting tokens for job: job_local80038855_0001
2024-08-13 11:30:23,429 INFO mapreduce.JobSubmitter: Executing with tokens: []
2024-08-13 11:30:23,766 INFO mapreduce.Job: The url to track the job: http://localhost:8080/
2024-08-13 11:30:23,770 INFO mapreduce.Job: Running job: job_local80038855_0001
2024-08-13 11:30:23,771 INFO mapred.LocalJobRunner: OutputCommitter set in config null
2024-08-13 11:30:23,789 INFO mapred.LocalJobRunner: OutputCommitter is org.apache.hadoop.mapred.FileOutputCommitter
2024-08-13 11:30:23,800 INFO output.FileOutputCommitter: File Output Committer Algorithm version is 2
2024-08-13 11:30:23,808 INFO output.FileOutputCommitter: FileOutputCommitter skip cleanup _temporary folders under output directory:false, ignore cleanup failures: false
2024-08-13 11:30:23,942 INFO mapred.LocalJobRunner: Waiting for map tasks
2024-08-13 11:30:23,965 INFO mapred.LocalJobRunner: Starting task: attempt_local80038855_0001_m_000000_0
2024-08-13 11:30:24,048 INFO output.FileOutputCommitter: File Output Committer Algorithm version is 2
2024-08-13 11:30:24,048 INFO output.FileOutputCommitter: FileOutputCommitter skip cleanup _temporary folders under output directory:false, ignore cleanup failures: false
2024-08-13 11:30:24,130 INFO mapred.Task:  Using ResourceCalculatorProcessTree : [ ]
2024-08-13 11:30:24,160 INFO mapred.MapTask: Processing split: hdfs://127.0.0.1:9000/user/bigdata/sales.txt:0+56
2024-08-13 11:30:24,290 INFO mapred.MapTask: numReduceTasks: 1
2024-08-13 11:30:24,474 INFO mapred.MapTask: (EQUATOR) 0 kvi 26214396(104857584)
2024-08-13 11:30:24,492 INFO mapred.MapTask: mapreduce.task.io.sort.mb: 100
2024-08-13 11:30:24,492 INFO mapred.MapTask: soft limit at 83886080
2024-08-13 11:30:24,492 INFO mapred.MapTask: bufstart = 0; bufvoid = 104857600
2024-08-13 11:30:24,492 INFO mapred.MapTask: kvstart = 26214396; length = 6553600
2024-08-13 11:30:24,495 INFO mapred.MapTask: Map output collector class = org.apache.hadoop.mapred.MapTask$MapOutputBuffer
2024-08-13 11:30:24,515 INFO streaming.PipeMapRed: PipeMapRed exec [/home/bigdata/a1/./solution3.py, 10.0]
2024-08-13 11:30:24,532 INFO Configuration.deprecation: mapred.work.output.dir is deprecated. Instead, use mapreduce.task.output.dir
2024-08-13 11:30:24,537 INFO Configuration.deprecation: mapred.local.dir is deprecated. Instead, use mapreduce.cluster.local.dir
2024-08-13 11:30:24,537 INFO Configuration.deprecation: map.input.file is deprecated. Instead, use mapreduce.map.input.file
2024-08-13 11:30:24,537 INFO Configuration.deprecation: map.input.length is deprecated. Instead, use mapreduce.map.input.length
2024-08-13 11:30:24,537 INFO Configuration.deprecation: mapred.job.id is deprecated. Instead, use mapreduce.job.id
2024-08-13 11:30:24,538 INFO Configuration.deprecation: mapred.task.partition is deprecated. Instead, use mapreduce.task.partition
2024-08-13 11:30:24,538 INFO Configuration.deprecation: map.input.start is deprecated. Instead, use mapreduce.map.input.start
2024-08-13 11:30:24,544 INFO Configuration.deprecation: mapred.task.is.map is deprecated. Instead, use mapreduce.task.ismap
2024-08-13 11:30:24,545 INFO Configuration.deprecation: mapred.task.id is deprecated. Instead, use mapreduce.task.attempt.id
2024-08-13 11:30:24,545 INFO Configuration.deprecation: mapred.tip.id is deprecated. Instead, use mapreduce.task.id
2024-08-13 11:30:24,545 INFO Configuration.deprecation: mapred.skip.on is deprecated. Instead, use mapreduce.job.skiprecords
2024-08-13 11:30:24,545 INFO Configuration.deprecation: user.name is deprecated. Instead, use mapreduce.job.user.name
2024-08-13 11:30:24,780 INFO streaming.PipeMapRed: R/W/S=1/0/0 in:NA [rec/s] out:NA [rec/s]
2024-08-13 11:30:24,794 INFO mapreduce.Job: Job job_local80038855_0001 running in uber mode : false
2024-08-13 11:30:24,795 INFO mapreduce.Job:  map 0% reduce 0%
2024-08-13 11:30:24,794 INFO streaming.PipeMapRed: MRErrorThread done
2024-08-13 11:30:24,793 INFO streaming.PipeMapRed: Records R/W=5/1
2024-08-13 11:30:24,801 INFO streaming.PipeMapRed: mapRedFinished
2024-08-13 11:30:24,817 INFO mapred.LocalJobRunner:
2024-08-13 11:30:24,817 INFO mapred.MapTask: Starting flush of map output
2024-08-13 11:30:24,817 INFO mapred.MapTask: Spilling map output
2024-08-13 11:30:24,817 INFO mapred.MapTask: bufstart = 0; bufend = 41; bufvoid = 104857600
2024-08-13 11:30:24,817 INFO mapred.MapTask: kvstart = 26214396(104857584); kvend = 26214384(104857536); length = 13/6553600
2024-08-13 11:30:24,840 INFO mapred.MapTask: Finished spill 0
2024-08-13 11:30:24,868 INFO mapred.Task: Task:attempt_local80038855_0001_m_000000_0 is done. And is in the process of committing
2024-08-13 11:30:24,890 INFO mapred.LocalJobRunner: Records R/W=5/1
2024-08-13 11:30:24,893 INFO mapred.Task: Task 'attempt_local80038855_0001_m_000000_0' done.
2024-08-13 11:30:24,907 INFO mapred.Task: Final Counters for attempt_local80038855_0001_m_000000_0: Counters: 23
	File System Counters
    	FILE: Number of bytes read=141426
    	FILE: Number of bytes written=782554
    	FILE: Number of read operations=0
    	FILE: Number of large read operations=0
    	FILE: Number of write operations=0
    	HDFS: Number of bytes read=56
    	HDFS: Number of bytes written=0
    	HDFS: Number of read operations=5
    	HDFS: Number of large read operations=0
    	HDFS: Number of write operations=1
    	HDFS: Number of bytes read erasure-coded=0
	Map-Reduce Framework
    	Map input records=5
    	Map output records=4
    	Map output bytes=41
    	Map output materialized bytes=55
    	Input split bytes=96
    	Combine input records=0
    	Spilled Records=4
    	Failed Shuffles=0
    	Merged Map outputs=0
    	GC time elapsed (ms)=51
    	Total committed heap usage (bytes)=137433088
	File Input Format Counters
    	Bytes Read=56
2024-08-13 11:30:24,909 INFO mapred.LocalJobRunner: Finishing task: attempt_local80038855_0001_m_000000_0
2024-08-13 11:30:24,909 INFO mapred.LocalJobRunner: map task executor complete.
2024-08-13 11:30:24,916 INFO mapred.LocalJobRunner: Waiting for reduce tasks
2024-08-13 11:30:24,917 INFO mapred.LocalJobRunner: Starting task: attempt_local80038855_0001_r_000000_0
2024-08-13 11:30:24,935 INFO output.FileOutputCommitter: File Output Committer Algorithm version is 2
2024-08-13 11:30:24,944 INFO output.FileOutputCommitter: FileOutputCommitter skip cleanup _temporary folders under output directory:false, ignore cleanup failures: false
2024-08-13 11:30:24,945 INFO mapred.Task:  Using ResourceCalculatorProcessTree : [ ]
2024-08-13 11:30:24,957 INFO mapred.ReduceTask: Using ShuffleConsumerPlugin: org.apache.hadoop.mapreduce.task.reduce.Shuffle@1d31eac1
2024-08-13 11:30:24,958 WARN impl.MetricsSystemImpl: JobTracker metrics system already initialized!
2024-08-13 11:30:24,991 INFO reduce.MergeManagerImpl: MergerManager: memoryLimit=347688128, maxSingleShuffleLimit=86922032, mergeThreshold=229474176, ioSortFactor=10, memToMemMergeOutputsThreshold=10
2024-08-13 11:30:25,013 INFO reduce.EventFetcher: attempt_local80038855_0001_r_000000_0 Thread started: EventFetcher for fetching Map Completion Events
2024-08-13 11:30:25,111 INFO reduce.LocalFetcher: localfetcher#1 about to shuffle output of map attempt_local80038855_0001_m_000000_0 decomp: 51 len: 55 to MEMORY
2024-08-13 11:30:25,124 INFO reduce.InMemoryMapOutput: Read 51 bytes from map-output for attempt_local80038855_0001_m_000000_0
2024-08-13 11:30:25,125 INFO reduce.MergeManagerImpl: closeInMemoryFile -> map-output of size: 51, inMemoryMapOutputs.size() -> 1, commitMemory -> 0, usedMemory ->51
2024-08-13 11:30:25,127 INFO reduce.EventFetcher: EventFetcher is interrupted.. Returning
2024-08-13 11:30:25,127 INFO mapred.LocalJobRunner: 1 / 1 copied.
2024-08-13 11:30:25,130 INFO reduce.MergeManagerImpl: finalMerge called with 1 in-memory map-outputs and 0 on-disk map-outputs
2024-08-13 11:30:25,134 INFO mapred.Merger: Merging 1 sorted segments
2024-08-13 11:30:25,142 INFO mapred.Merger: Down to the last merge-pass, with 1 segments left of total size: 44 bytes
2024-08-13 11:30:25,143 INFO reduce.MergeManagerImpl: Merged 1 segments, 51 bytes to disk to satisfy reduce memory limit
2024-08-13 11:30:25,143 INFO reduce.MergeManagerImpl: Merging 1 files, 55 bytes from disk
2024-08-13 11:30:25,143 INFO reduce.MergeManagerImpl: Merging 0 segments, 0 bytes from memory into reduce
2024-08-13 11:30:25,143 INFO mapred.Merger: Merging 1 sorted segments
2024-08-13 11:30:25,161 INFO mapred.Merger: Down to the last merge-pass, with 1 segments left of total size: 44 bytes
2024-08-13 11:30:25,162 INFO mapred.LocalJobRunner: 1 / 1 copied.
2024-08-13 11:30:25,797 INFO mapreduce.Job:  map 100% reduce 0%
2024-08-13 11:30:26,022 INFO mapred.Task: Task:attempt_local80038855_0001_r_000000_0 is done. And is in the process of committing
2024-08-13 11:30:26,025 INFO mapred.LocalJobRunner: 1 / 1 copied.
2024-08-13 11:30:26,026 INFO mapred.Task: Task attempt_local80038855_0001_r_000000_0 is allowed to commit now
2024-08-13 11:30:26,085 INFO output.FileOutputCommitter: Saved output of task 'attempt_local80038855_0001_r_000000_0' to hdfs://127.0.0.1:9000/user/bigdata/output
2024-08-13 11:30:26,086 INFO mapred.LocalJobRunner: reduce > reduce
2024-08-13 11:30:26,090 INFO mapred.Task: Task 'attempt_local80038855_0001_r_000000_0' done.
2024-08-13 11:30:26,091 INFO mapred.Task: Final Counters for attempt_local80038855_0001_r_000000_0: Counters: 30
	File System Counters
    	FILE: Number of bytes read=141568
    	FILE: Number of bytes written=782609
    	FILE: Number of read operations=0
    	FILE: Number of large read operations=0
    	FILE: Number of write operations=0
    	HDFS: Number of bytes read=56
    	HDFS: Number of bytes written=41
    	HDFS: Number of read operations=10
    	HDFS: Number of large read operations=0
    	HDFS: Number of write operations=3
    	HDFS: Number of bytes read erasure-coded=0
	Map-Reduce Framework
    	Combine input records=0
    	Combine output records=0
    	Reduce input groups=4
    	Reduce shuffle bytes=55
    	Reduce input records=4
    	Reduce output records=4
    	Spilled Records=4
    	Shuffled Maps =1
    	Failed Shuffles=0
    	Merged Map outputs=1
    	GC time elapsed (ms)=6
    	Total committed heap usage (bytes)=137433088
	Shuffle Errors
    	BAD_ID=0
    	CONNECTION=0
    	IO_ERROR=0
    	WRONG_LENGTH=0
    	WRONG_MAP=0
    	WRONG_REDUCE=0
	File Output Format Counters
    	Bytes Written=41
2024-08-13 11:30:26,093 INFO mapred.LocalJobRunner: Finishing task: attempt_local80038855_0001_r_000000_0
2024-08-13 11:30:26,093 INFO mapred.LocalJobRunner: reduce task executor complete.
2024-08-13 11:30:26,798 INFO mapreduce.Job:  map 100% reduce 100%
2024-08-13 11:30:26,798 INFO mapreduce.Job: Job job_local80038855_0001 completed successfully
2024-08-13 11:30:26,808 INFO mapreduce.Job: Counters: 36
	File System Counters
    	FILE: Number of bytes read=282994
    	FILE: Number of bytes written=1565163
    	FILE: Number of read operations=0
    	FILE: Number of large read operations=0
    	FILE: Number of write operations=0
    	HDFS: Number of bytes read=112
    	HDFS: Number of bytes written=41
    	HDFS: Number of read operations=15
    	HDFS: Number of large read operations=0
    	HDFS: Number of write operations=4
    	HDFS: Number of bytes read erasure-coded=0
	Map-Reduce Framework
    	Map input records=5
    	Map output records=4
    	Map output bytes=41
    	Map output materialized bytes=55
    	Input split bytes=96
    	Combine input records=0
    	Combine output records=0
    	Reduce input groups=4
    	Reduce shuffle bytes=55
    	Reduce input records=4
    	Reduce output records=4
    	Spilled Records=8
    	Shuffled Maps =1
    	Failed Shuffles=0
    	Merged Map outputs=1
    	GC time elapsed (ms)=57
    	Total committed heap usage (bytes)=274866176
	Shuffle Errors
    	BAD_ID=0
    	CONNECTION=0
    	IO_ERROR=0
    	WRONG_LENGTH=0
    	WRONG_MAP=0
    	WRONG_REDUCE=0
	File Input Format Counters
    	Bytes Read=56
	File Output Format Counters
    	Bytes Written=35
2024-08-13 11:30:26,822 INFO streaming.StreamJob: Output directory: /user/bigdata/output
bigdata@bigdata-VirtualBox:~/a1$ hdfs dfs -cat output/part*
bolts	15.0
screws	50.0
washer	30.0