bigdata@bigdata-VirtualBox:~$ cd a1
bigdata@bigdata-VirtualBox:~/a1$ cat sales.txt
bolts 3 5
screws 10 5
nails 3 2
protein 3 2
nails 3 8
washer 3 10
screws 10 20
bolts 3 2
bigdata@bigdata-VirtualBox:~/a1$ hdfs dfs -put sales.txt /user/bigdata
bigdata@bigdata-VirtualBox:~/a1$ hdfs dfs -cat mapper4.py
#!/usr/bin/env python3

import sys

for line in sys.stdin:
    line = line.strip() 
    items = line.split()
    
    item_name, ppu, total_units = items[0], float(items[1]), int(items[2])
    
    total_value = ppu * total_units
    
    print(f"{item_name}\t{total_value}")
bigdata@bigdata-VirtualBox:~/a1$ hdfs dfs -cat reducer4.py
#!/usr/bin/env python3
from itertools import groupby
from operator import itemgetter

import sys

def read_mapper_output(file, separator='\t'):
	for line in file:
    	yield line.rstrip().split(separator, 1)

def main(separator='\t'):
	data = read_mapper_output(sys.stdin, separator=separator)
	for current_item, group in groupby(data, itemgetter(0)):
    	try:
        	total_item_value = sum([float(item_value) for current_item, item_value in group])
        	print(f"{current_item}\t{total_item_value}")
    	except ValueError:
        	pass

if __name__ == "__main__":
	main()
    
bigdata@bigdata-VirtualBox:~/a1$ chmod u+x mapper4.py reducer4.py
bigdata@bigdata-VirtualBox:~/a1$ hadoop jar $HADOOP_HOME/share/hadoop/tools/lib/hadoop-streaming-3.3.6.jar -input /user/bigdata/sales.txt -output /user/bigdata/output -mapper mapper4.py -reducer reducer4.py
2024-08-13 17:05:29,455 INFO impl.MetricsConfig: Loaded properties from hadoop-metrics2.properties
2024-08-13 17:05:29,742 INFO impl.MetricsSystemImpl: Scheduled Metric snapshot period at 10 second(s).
2024-08-13 17:05:29,742 INFO impl.MetricsSystemImpl: JobTracker metrics system started
2024-08-13 17:05:29,781 WARN impl.MetricsSystemImpl: JobTracker metrics system already initialized!
2024-08-13 17:05:30,439 INFO mapred.FileInputFormat: Total input files to process : 1
2024-08-13 17:05:30,607 INFO mapreduce.JobSubmitter: number of splits:1
2024-08-13 17:05:30,947 INFO mapreduce.JobSubmitter: Submitting tokens for job: job_local1413920887_0001
2024-08-13 17:05:30,947 INFO mapreduce.JobSubmitter: Executing with tokens: []
2024-08-13 17:05:31,308 INFO mapreduce.Job: The url to track the job: http://localhost:8080/
2024-08-13 17:05:31,310 INFO mapreduce.Job: Running job: job_local1413920887_0001
2024-08-13 17:05:31,319 INFO mapred.LocalJobRunner: OutputCommitter set in config null
2024-08-13 17:05:31,328 INFO mapred.LocalJobRunner: OutputCommitter is org.apache.hadoop.mapred.FileOutputCommitter
2024-08-13 17:05:31,339 INFO output.FileOutputCommitter: File Output Committer Algorithm version is 2
2024-08-13 17:05:31,360 INFO output.FileOutputCommitter: FileOutputCommitter skip cleanup _temporary folders under output directory:false, ignore cleanup failures: false
2024-08-13 17:05:31,524 INFO mapred.LocalJobRunner: Waiting for map tasks
2024-08-13 17:05:31,535 INFO mapred.LocalJobRunner: Starting task: attempt_local1413920887_0001_m_000000_0
2024-08-13 17:05:31,605 INFO output.FileOutputCommitter: File Output Committer Algorithm version is 2
2024-08-13 17:05:31,605 INFO output.FileOutputCommitter: FileOutputCommitter skip cleanup _temporary folders under output directory:false, ignore cleanup failures: false
2024-08-13 17:05:31,669 INFO mapred.Task:  Using ResourceCalculatorProcessTree : [ ]
2024-08-13 17:05:31,693 INFO mapred.MapTask: Processing split: hdfs://127.0.0.1:9000/user/bigdata/sales.txt:0+89
2024-08-13 17:05:31,765 INFO mapred.MapTask: numReduceTasks: 1
2024-08-13 17:05:32,328 INFO mapreduce.Job: Job job_local1413920887_0001 running in uber mode : false
2024-08-13 17:05:32,329 INFO mapreduce.Job:  map 0% reduce 0%
2024-08-13 17:05:32,853 INFO mapred.MapTask: (EQUATOR) 0 kvi 26214396(104857584)
2024-08-13 17:05:32,853 INFO mapred.MapTask: mapreduce.task.io.sort.mb: 100
2024-08-13 17:05:32,853 INFO mapred.MapTask: soft limit at 83886080
2024-08-13 17:05:32,853 INFO mapred.MapTask: bufstart = 0; bufvoid = 104857600
2024-08-13 17:05:32,853 INFO mapred.MapTask: kvstart = 26214396; length = 6553600
2024-08-13 17:05:32,855 INFO mapred.MapTask: Map output collector class = org.apache.hadoop.mapred.MapTask$MapOutputBuffer
2024-08-13 17:05:32,887 INFO streaming.PipeMapRed: PipeMapRed exec [/home/bigdata/a1/./mapper4.py]
2024-08-13 17:05:32,892 INFO Configuration.deprecation: mapred.work.output.dir is deprecated. Instead, use mapreduce.task.output.dir
2024-08-13 17:05:32,907 INFO Configuration.deprecation: mapred.local.dir is deprecated. Instead, use mapreduce.cluster.local.dir
2024-08-13 17:05:32,911 INFO Configuration.deprecation: map.input.file is deprecated. Instead, use mapreduce.map.input.file
2024-08-13 17:05:32,912 INFO Configuration.deprecation: map.input.length is deprecated. Instead, use mapreduce.map.input.length
2024-08-13 17:05:32,913 INFO Configuration.deprecation: mapred.job.id is deprecated. Instead, use mapreduce.job.id
2024-08-13 17:05:32,913 INFO Configuration.deprecation: mapred.task.partition is deprecated. Instead, use mapreduce.task.partition
2024-08-13 17:05:32,913 INFO Configuration.deprecation: map.input.start is deprecated. Instead, use mapreduce.map.input.start
2024-08-13 17:05:32,916 INFO Configuration.deprecation: mapred.task.is.map is deprecated. Instead, use mapreduce.task.ismap
2024-08-13 17:05:32,916 INFO Configuration.deprecation: mapred.task.id is deprecated. Instead, use mapreduce.task.attempt.id
2024-08-13 17:05:32,916 INFO Configuration.deprecation: mapred.tip.id is deprecated. Instead, use mapreduce.task.id
2024-08-13 17:05:32,916 INFO Configuration.deprecation: mapred.skip.on is deprecated. Instead, use mapreduce.job.skiprecords
2024-08-13 17:05:32,916 INFO Configuration.deprecation: user.name is deprecated. Instead, use mapreduce.job.user.name
2024-08-13 17:05:33,198 INFO streaming.PipeMapRed: R/W/S=1/0/0 in:NA [rec/s] out:NA [rec/s]
2024-08-13 17:05:33,209 INFO streaming.PipeMapRed: Records R/W=8/1
2024-08-13 17:05:33,209 INFO streaming.PipeMapRed: MRErrorThread done
2024-08-13 17:05:33,210 INFO streaming.PipeMapRed: mapRedFinished
2024-08-13 17:05:33,229 INFO mapred.LocalJobRunner:
2024-08-13 17:05:33,229 INFO mapred.MapTask: Starting flush of map output
2024-08-13 17:05:33,229 INFO mapred.MapTask: Spilling map output
2024-08-13 17:05:33,229 INFO mapred.MapTask: bufstart = 0; bufend = 91; bufvoid = 104857600
2024-08-13 17:05:33,229 INFO mapred.MapTask: kvstart = 26214396(104857584); kvend = 26214368(104857472); length = 29/6553600
2024-08-13 17:05:33,248 INFO mapred.MapTask: Finished spill 0
2024-08-13 17:05:33,277 INFO mapred.Task: Task:attempt_local1413920887_0001_m_000000_0 is done. And is in the process of committing
2024-08-13 17:05:33,280 INFO mapred.LocalJobRunner: Records R/W=8/1
2024-08-13 17:05:33,281 INFO mapred.Task: Task 'attempt_local1413920887_0001_m_000000_0' done.
2024-08-13 17:05:33,309 INFO mapred.Task: Final Counters for attempt_local1413920887_0001_m_000000_0: Counters: 23
	File System Counters
    	FILE: Number of bytes read=141426
    	FILE: Number of bytes written=790488
    	FILE: Number of read operations=0
    	FILE: Number of large read operations=0
    	FILE: Number of write operations=0
    	HDFS: Number of bytes read=89
    	HDFS: Number of bytes written=0
    	HDFS: Number of read operations=5
    	HDFS: Number of large read operations=0
    	HDFS: Number of write operations=1
    	HDFS: Number of bytes read erasure-coded=0
	Map-Reduce Framework
    	Map input records=8
    	Map output records=8
    	Map output bytes=91
    	Map output materialized bytes=113
    	Input split bytes=96
    	Combine input records=0
    	Spilled Records=8
    	Failed Shuffles=0
    	Merged Map outputs=0
    	GC time elapsed (ms)=57
    	Total committed heap usage (bytes)=137433088
	File Input Format Counters
    	Bytes Read=89
2024-08-13 17:05:33,314 INFO mapred.LocalJobRunner: Finishing task: attempt_local1413920887_0001_m_000000_0
2024-08-13 17:05:33,315 INFO mapred.LocalJobRunner: map task executor complete.
2024-08-13 17:05:33,318 INFO mapred.LocalJobRunner: Waiting for reduce tasks
2024-08-13 17:05:33,319 INFO mapred.LocalJobRunner: Starting task: attempt_local1413920887_0001_r_000000_0
2024-08-13 17:05:33,333 INFO output.FileOutputCommitter: File Output Committer Algorithm version is 2
2024-08-13 17:05:33,340 INFO mapreduce.Job:  map 100% reduce 0%
2024-08-13 17:05:33,340 INFO output.FileOutputCommitter: FileOutputCommitter skip cleanup _temporary folders under output directory:false, ignore cleanup failures: false
2024-08-13 17:05:33,341 INFO mapred.Task:  Using ResourceCalculatorProcessTree : [ ]
2024-08-13 17:05:33,361 INFO mapred.ReduceTask: Using ShuffleConsumerPlugin: org.apache.hadoop.mapreduce.task.reduce.Shuffle@15dbb158
2024-08-13 17:05:33,363 WARN impl.MetricsSystemImpl: JobTracker metrics system already initialized!
2024-08-13 17:05:33,420 INFO reduce.MergeManagerImpl: MergerManager: memoryLimit=347688128, maxSingleShuffleLimit=86922032, mergeThreshold=229474176, ioSortFactor=10, memToMemMergeOutputsThreshold=10
2024-08-13 17:05:33,469 INFO reduce.EventFetcher: attempt_local1413920887_0001_r_000000_0 Thread started: EventFetcher for fetching Map Completion Events
2024-08-13 17:05:33,609 INFO reduce.LocalFetcher: localfetcher#1 about to shuffle output of map attempt_local1413920887_0001_m_000000_0 decomp: 109 len: 113 to MEMORY
2024-08-13 17:05:33,619 INFO reduce.InMemoryMapOutput: Read 109 bytes from map-output for attempt_local1413920887_0001_m_000000_0
2024-08-13 17:05:33,623 INFO reduce.MergeManagerImpl: closeInMemoryFile -> map-output of size: 109, inMemoryMapOutputs.size() -> 1, commitMemory -> 0, usedMemory ->109
2024-08-13 17:05:33,624 INFO reduce.EventFetcher: EventFetcher is interrupted.. Returning
2024-08-13 17:05:33,628 INFO mapred.LocalJobRunner: 1 / 1 copied.
2024-08-13 17:05:33,628 INFO reduce.MergeManagerImpl: finalMerge called with 1 in-memory map-outputs and 0 on-disk map-outputs
2024-08-13 17:05:33,639 INFO mapred.Merger: Merging 1 sorted segments
2024-08-13 17:05:33,660 INFO mapred.Merger: Down to the last merge-pass, with 1 segments left of total size: 101 bytes
2024-08-13 17:05:33,661 INFO reduce.MergeManagerImpl: Merged 1 segments, 109 bytes to disk to satisfy reduce memory limit
2024-08-13 17:05:33,661 INFO reduce.MergeManagerImpl: Merging 1 files, 113 bytes from disk
2024-08-13 17:05:33,662 INFO reduce.MergeManagerImpl: Merging 0 segments, 0 bytes from memory into reduce
2024-08-13 17:05:33,662 INFO mapred.Merger: Merging 1 sorted segments
2024-08-13 17:05:33,663 INFO mapred.Merger: Down to the last merge-pass, with 1 segments left of total size: 101 bytes
2024-08-13 17:05:33,666 INFO mapred.LocalJobRunner: 1 / 1 copied.
2024-08-13 17:05:33,688 INFO streaming.PipeMapRed: PipeMapRed exec [/home/bigdata/a1/./reducer4.py]
2024-08-13 17:05:33,712 INFO Configuration.deprecation: mapred.job.tracker is deprecated. Instead, use mapreduce.jobtracker.address
2024-08-13 17:05:33,717 INFO Configuration.deprecation: mapred.map.tasks is deprecated. Instead, use mapreduce.job.maps
2024-08-13 17:05:34,008 INFO streaming.PipeMapRed: R/W/S=1/0/0 in:NA [rec/s] out:NA [rec/s]
2024-08-13 17:05:34,011 INFO streaming.PipeMapRed: Records R/W=8/1
2024-08-13 17:05:34,014 INFO streaming.PipeMapRed: MRErrorThread done
2024-08-13 17:05:34,034 INFO streaming.PipeMapRed: mapRedFinished
2024-08-13 17:05:34,308 INFO mapred.Task: Task:attempt_local1413920887_0001_r_000000_0 is done. And is in the process of committing
2024-08-13 17:05:34,339 INFO mapred.LocalJobRunner: 1 / 1 copied.
2024-08-13 17:05:34,348 INFO mapred.Task: Task attempt_local1413920887_0001_r_000000_0 is allowed to commit now
2024-08-13 17:05:34,434 INFO output.FileOutputCommitter: Saved output of task 'attempt_local1413920887_0001_r_000000_0' to hdfs://127.0.0.1:9000/user/bigdata/output
2024-08-13 17:05:34,451 INFO mapred.LocalJobRunner: Records R/W=8/1 > reduce
2024-08-13 17:05:34,461 INFO mapred.Task: Task 'attempt_local1413920887_0001_r_000000_0' done.
2024-08-13 17:05:34,462 INFO mapred.Task: Final Counters for attempt_local1413920887_0001_r_000000_0: Counters: 30
	File System Counters
    	FILE: Number of bytes read=141684
    	FILE: Number of bytes written=790601
    	FILE: Number of read operations=0
    	FILE: Number of large read operations=0
    	FILE: Number of write operations=0
    	HDFS: Number of bytes read=89
    	HDFS: Number of bytes written=59
    	HDFS: Number of read operations=10
    	HDFS: Number of large read operations=0
    	HDFS: Number of write operations=3
    	HDFS: Number of bytes read erasure-coded=0
	Map-Reduce Framework
    	Combine input records=0
    	Combine output records=0
    	Reduce input groups=5
    	Reduce shuffle bytes=113
    	Reduce input records=8
    	Reduce output records=5
    	Spilled Records=8
    	Shuffled Maps =1
    	Failed Shuffles=0
    	Merged Map outputs=1
    	GC time elapsed (ms)=21
    	Total committed heap usage (bytes)=137433088
	Shuffle Errors
    	BAD_ID=0
    	CONNECTION=0
    	IO_ERROR=0
    	WRONG_LENGTH=0
    	WRONG_MAP=0
    	WRONG_REDUCE=0
	File Output Format Counters
    	Bytes Written=59
2024-08-13 17:05:34,464 INFO mapred.LocalJobRunner: Finishing task: attempt_local1413920887_0001_r_000000_0
2024-08-13 17:05:34,464 INFO mapred.LocalJobRunner: reduce task executor complete.
2024-08-13 17:05:35,348 INFO mapreduce.Job:  map 100% reduce 100%
2024-08-13 17:05:35,348 INFO mapreduce.Job: Job job_local1413920887_0001 completed successfully
2024-08-13 17:05:35,359 INFO mapreduce.Job: Counters: 36
	File System Counters
    	FILE: Number of bytes read=283110
    	FILE: Number of bytes written=1581089
    	FILE: Number of read operations=0
    	FILE: Number of large read operations=0
    	FILE: Number of write operations=0
    	HDFS: Number of bytes read=178
    	HDFS: Number of bytes written=59
    	HDFS: Number of read operations=15
    	HDFS: Number of large read operations=0
    	HDFS: Number of write operations=4
    	HDFS: Number of bytes read erasure-coded=0
	Map-Reduce Framework
    	Map input records=8
    	Map output records=8
    	Map output bytes=91
    	Map output materialized bytes=113
    	Input split bytes=96
    	Combine input records=0
    	Combine output records=0
    	Reduce input groups=5
    	Reduce shuffle bytes=113
    	Reduce input records=8
    	Reduce output records=5
    	Spilled Records=16
    	Shuffled Maps =1
    	Failed Shuffles=0
    	Merged Map outputs=1
    	GC time elapsed (ms)=78
    	Total committed heap usage (bytes)=274866176
	Shuffle Errors
    	BAD_ID=0
    	CONNECTION=0
    	IO_ERROR=0
    	WRONG_LENGTH=0
    	WRONG_MAP=0
    	WRONG_REDUCE=0
	File Input Format Counters
    	Bytes Read=89
	File Output Format Counters
    	Bytes Written=59
2024-08-13 17:05:35,369 INFO streaming.StreamJob: Output directory: /user/bigdata/output
bigdata@bigdata-VirtualBox:~/a1$ hdfs dfs -cat output/part*
bolts	21.0
nails	30.0
protein	6.0
screws	250.0
washer	30.0